// Jest Snapshot v1, https://goo.gl/fbAQLP

exports[`IdeaForm should match the snapshot 1`] = `
ShallowWrapper {
  "length": 1,
  Symbol(enzyme.__root__): [Circular],
  Symbol(enzyme.__unrendered__): <IdeaForm />,
  Symbol(enzyme.__renderer__): Object {
    "batchedUpdates": [Function],
    "getNode": [Function],
    "render": [Function],
    "simulateEvent": [Function],
    "unmount": [Function],
  },
  Symbol(enzyme.__node__): Object {
    "instance": null,
    "key": undefined,
    "nodeType": "host",
    "props": Object {
      "children": Array [
        <input
          className="title"
          name="title"
          onChange={[Function]}
          placeholder="Title"
          value=""
/>,
        <input
          className="desc"
          name="description"
          onChange={[Function]}
          placeholder="Description"
          value=""
/>,
        <button
          className="submitButton"
          type="submit"
>
          Submit
</button>,
      ],
      "className": "IdeaForm",
      "onSubmit": [Function],
    },
    "ref": null,
    "rendered": Array [
      Object {
        "instance": null,
        "key": undefined,
        "nodeType": "host",
        "props": Object {
          "className": "title",
          "name": "title",
          "onChange": [Function],
          "placeholder": "Title",
          "value": "",
        },
        "ref": null,
        "rendered": null,
        "type": "input",
      },
      Object {
        "instance": null,
        "key": undefined,
        "nodeType": "host",
        "props": Object {
          "className": "desc",
          "name": "description",
          "onChange": [Function],
          "placeholder": "Description",
          "value": "",
        },
        "ref": null,
        "rendered": null,
        "type": "input",
      },
      Object {
        "instance": null,
        "key": undefined,
        "nodeType": "host",
        "props": Object {
          "children": "Submit",
          "className": "submitButton",
          "type": "submit",
        },
        "ref": null,
        "rendered": "Submit",
        "type": "button",
      },
    ],
    "type": "form",
  },
  Symbol(enzyme.__nodes__): Array [
    Object {
      "instance": null,
      "key": undefined,
      "nodeType": "host",
      "props": Object {
        "children": Array [
          <input
            className="title"
            name="title"
            onChange={[Function]}
            placeholder="Title"
            value=""
/>,
          <input
            className="desc"
            name="description"
            onChange={[Function]}
            placeholder="Description"
            value=""
/>,
          <button
            className="submitButton"
            type="submit"
>
            Submit
</button>,
        ],
        "className": "IdeaForm",
        "onSubmit": [Function],
      },
      "ref": null,
      "rendered": Array [
        Object {
          "instance": null,
          "key": undefined,
          "nodeType": "host",
          "props": Object {
            "className": "title",
            "name": "title",
            "onChange": [Function],
            "placeholder": "Title",
            "value": "",
          },
          "ref": null,
          "rendered": null,
          "type": "input",
        },
        Object {
          "instance": null,
          "key": undefined,
          "nodeType": "host",
          "props": Object {
            "className": "desc",
            "name": "description",
            "onChange": [Function],
            "placeholder": "Description",
            "value": "",
          },
          "ref": null,
          "rendered": null,
          "type": "input",
        },
        Object {
          "instance": null,
          "key": undefined,
          "nodeType": "host",
          "props": Object {
            "children": "Submit",
            "className": "submitButton",
            "type": "submit",
          },
          "ref": null,
          "rendered": "Submit",
          "type": "button",
        },
      ],
      "type": "form",
    },
  ],
  Symbol(enzyme.__options__): Object {
    "adapter": ReactSixteenAdapter {
      "options": Object {
        "enableComponentDidUpdateOnSetState": true,
      },
    },
  },
}
`;
